2025-10-24 23:27:INFO    AT utils_logger.py:105: Logging to file: C:\GitHub_Repo\pro-analytics-02\project.log
2025-10-24 23:27:INFO    AT demo_module_basics.py:90: Starting demo_python() function.
2025-10-24 23:27:INFO    AT demo_module_basics.py:37: Name Python files with lowercase and underscores.
2025-10-24 23:27:INFO    AT demo_module_basics.py:38: In Python, comments start with a '#' symbol and are not executed.
2025-10-24 23:27:INFO    AT demo_module_basics.py:39: Comments can also be wrapped in triple single quotes or triple backticks.
2025-10-24 23:27:INFO    AT demo_module_basics.py:43: Variables are used to store values.
2025-10-24 23:27:INFO    AT demo_module_basics.py:44: Type hints are optional but recommended for clarity.
2025-10-24 23:27:INFO    AT demo_module_basics.py:45:   example_number = 42
2025-10-24 23:27:INFO    AT demo_module_basics.py:46:   count: int = 42
2025-10-24 23:27:INFO    AT demo_module_basics.py:47:   temp_F: float = 42.2
2025-10-24 23:27:INFO    AT demo_module_basics.py:48:   user_name: str = "Data Analyst"
2025-10-24 23:27:INFO    AT demo_module_basics.py:54: Result: example_number=42, count=42, temp_f=42.2, user_name='Data Analyst'.
2025-10-24 23:27:INFO    AT demo_module_basics.py:58: Functions in Python are blocks of reusable code.
2025-10-24 23:27:INFO    AT demo_module_basics.py:59: You can call a function by using its name followed by parentheses.
2025-10-24 23:27:INFO    AT demo_module_basics.py:60: We use f-strings to combine text and values in Python.
2025-10-24 23:27:INFO    AT demo_module_basics.py:61:   Put the 'f' immediately before the opening quote of the string text.
2025-10-24 23:27:INFO    AT demo_module_basics.py:65: Python has many built-in functions, like min(), max(), and len().
2025-10-24 23:27:INFO    AT demo_module_basics.py:70: For the list of numbers: [1, 2, 3]
2025-10-24 23:27:INFO    AT demo_module_basics.py:71:   The minimum value is min(numbers): 1
2025-10-24 23:27:INFO    AT demo_module_basics.py:72:   The maximum value is max(numbers): 3
2025-10-24 23:27:INFO    AT demo_module_basics.py:73:   The length of the list is len(numbers): 3
2025-10-24 23:27:INFO    AT demo_module_basics.py:78: In Python, indentation matters = True!
2025-10-24 23:27:INFO    AT demo_module_basics.py:79: In Python, spelling matters = True!
2025-10-24 23:27:INFO    AT demo_module_basics.py:80: In Python, uppercase/lowercase matters = True!
2025-10-24 23:27:INFO    AT demo_module_basics.py:96: Experiment with this demo script to learn the basics quickly.
2025-10-24 23:27:INFO    AT demo_module_basics.py:97: Exiting demo_python() function.
2025-10-24 23:27:INFO    AT demo_module_stats.py:98: 
STATS SUMMARY
Scores (n=7): [3.5, 4.0, 4.8, 2.9, 3.7, 4.3, 3.8]
metric                 value
----------------------------
min                     2.90
max                     4.80
mean                    3.86
stdev                   0.60

2025-10-24 23:27:INFO    AT demo_module_languages.py:45: 
Greetings Professional Analyst:
English: Hello! Welcome to Python programming.
Spanish: Hola! Bienvenido a la programación en Python.
Mandarin: 你好! 欢迎学习Python编程.
French:  Bonjour! Bienvenue à la programmation Python.
German:  Hallo! Willkommen bei der Python-Programmierung.
Telugu:  హలో! Python ప్రోగ్రామింగ్‌లోకి స్వాగతం.
Norwegian: Hei! Velkommen til Python-programmering.
2025-10-24 23:27:INFO    AT utils_logger.py:116: This is an example info message.
2025-10-24 23:27:WARNING AT utils_logger.py:117: This is an example warning message.
2025-10-24 23:27:ERROR   AT utils_logger.py:118: This is an example error message.
2025-10-24 23:27:INFO    AT utils_logger.py:116: This is an example info message.
2025-10-24 23:27:WARNING AT utils_logger.py:117: This is an example warning message.
2025-10-24 23:27:ERROR   AT utils_logger.py:118: This is an example error message.
2025-10-24 23:27:INFO    AT utils_logger.py:125: View the log output at C:\GitHub_Repo\pro-analytics-02\project.log
2025-10-24 23:27:INFO    AT test_utils_logger.py:65: Smoke test message
2025-10-24 23:32:INFO    AT utils_logger.py:105: Logging to file: C:\GitHub_Repo\pro-analytics-02\project.log
2025-10-24 23:32:INFO    AT demo_module_basics.py:90: Starting demo_python() function.
2025-10-24 23:32:INFO    AT demo_module_basics.py:37: Name Python files with lowercase and underscores.
2025-10-24 23:32:INFO    AT demo_module_basics.py:38: In Python, comments start with a '#' symbol and are not executed.
2025-10-24 23:32:INFO    AT demo_module_basics.py:39: Comments can also be wrapped in triple single quotes or triple backticks.
2025-10-24 23:32:INFO    AT demo_module_basics.py:43: Variables are used to store values.
2025-10-24 23:32:INFO    AT demo_module_basics.py:44: Type hints are optional but recommended for clarity.
2025-10-24 23:32:INFO    AT demo_module_basics.py:45:   example_number = 42
2025-10-24 23:32:INFO    AT demo_module_basics.py:46:   count: int = 42
2025-10-24 23:32:INFO    AT demo_module_basics.py:47:   temp_F: float = 42.2
2025-10-24 23:32:INFO    AT demo_module_basics.py:48:   user_name: str = "Data Analyst"
2025-10-24 23:32:INFO    AT demo_module_basics.py:54: Result: example_number=42, count=42, temp_f=42.2, user_name='Data Analyst'.
2025-10-24 23:32:INFO    AT demo_module_basics.py:58: Functions in Python are blocks of reusable code.
2025-10-24 23:32:INFO    AT demo_module_basics.py:59: You can call a function by using its name followed by parentheses.
2025-10-24 23:32:INFO    AT demo_module_basics.py:60: We use f-strings to combine text and values in Python.
2025-10-24 23:32:INFO    AT demo_module_basics.py:61:   Put the 'f' immediately before the opening quote of the string text.
2025-10-24 23:32:INFO    AT demo_module_basics.py:65: Python has many built-in functions, like min(), max(), and len().
2025-10-24 23:32:INFO    AT demo_module_basics.py:70: For the list of numbers: [1, 2, 3]
2025-10-24 23:32:INFO    AT demo_module_basics.py:71:   The minimum value is min(numbers): 1
2025-10-24 23:32:INFO    AT demo_module_basics.py:72:   The maximum value is max(numbers): 3
2025-10-24 23:32:INFO    AT demo_module_basics.py:73:   The length of the list is len(numbers): 3
2025-10-24 23:32:INFO    AT demo_module_basics.py:78: In Python, indentation matters = True!
2025-10-24 23:32:INFO    AT demo_module_basics.py:79: In Python, spelling matters = True!
2025-10-24 23:32:INFO    AT demo_module_basics.py:80: In Python, uppercase/lowercase matters = True!
2025-10-24 23:32:INFO    AT demo_module_basics.py:96: Experiment with this demo script to learn the basics quickly.
2025-10-24 23:32:INFO    AT demo_module_basics.py:97: Exiting demo_python() function.
2025-10-29 22:15:INFO    AT utils_logger.py:105: Logging to file: C:\Users\nalla\Documents\github\pro-analytics-02\project.log
2025-10-29 22:15:INFO    AT data_prep.py:52: Starting data preparation...
2025-10-29 22:15:INFO    AT data_prep.py:32: Reading raw data from C:\Users\nalla\Documents\github\pro-analytics-02\data\raw\customers_data.csv.
2025-10-29 22:15:INFO    AT data_prep.py:35: customers_data.csv: loaded DataFrame with shape 201 rows x 4 cols
2025-10-29 22:15:INFO    AT data_prep.py:32: Reading raw data from C:\Users\nalla\Documents\github\pro-analytics-02\data\raw\products_data.csv.
2025-10-29 22:15:INFO    AT data_prep.py:35: products_data.csv: loaded DataFrame with shape 100 rows x 4 cols
2025-10-29 22:15:INFO    AT data_prep.py:32: Reading raw data from C:\Users\nalla\Documents\github\pro-analytics-02\data\raw\sales_data.csv.
2025-10-29 22:15:INFO    AT data_prep.py:35: sales_data.csv: loaded DataFrame with shape 2001 rows x 7 cols
2025-10-29 22:15:INFO    AT data_prep.py:64: Data preparation complete.
2025-11-06 20:36:INFO    AT utils_logger.py:105: Logging to file: C:\GitHub_Repo\pro-analytics-02\project.log
2025-11-06 20:36:INFO    AT prepare_customers.py:164: ==================================
2025-11-06 20:36:INFO    AT prepare_customers.py:165: STARTING prepare_customers_data.py
2025-11-06 20:36:INFO    AT prepare_customers.py:166: ==================================
2025-11-06 20:36:INFO    AT prepare_customers.py:168: Root         : C:\GitHub_Repo\pro-analytics-02
2025-11-06 20:36:INFO    AT prepare_customers.py:169: data/raw     : C:\GitHub_Repo\pro-analytics-02\data\raw
2025-11-06 20:36:INFO    AT prepare_customers.py:170: data/prepared: C:\GitHub_Repo\pro-analytics-02\data\prepared
2025-11-06 20:36:INFO    AT prepare_customers.py:171: scripts      : C:\GitHub_Repo\pro-analytics-02\src
2025-11-06 20:36:INFO    AT prepare_customers.py:59: READING: C:\GitHub_Repo\pro-analytics-02\data\raw\customers_data.csv.
2025-11-06 20:36:INFO    AT prepare_customers.py:183: Initial dataframe columns: CustomerID, Name, Region, JoinDate, CreditScore, IndustryType
2025-11-06 20:36:INFO    AT prepare_customers.py:184: Initial dataframe shape: (201, 6)
2025-11-06 20:36:INFO    AT prepare_customers.py:96: FUNCTION START: remove_duplicates with dataframe shape=(201, 6)
2025-11-06 20:36:INFO    AT prepare_customers.py:100: Original dataframe shape: (201, 6)
2025-11-06 20:36:INFO    AT prepare_customers.py:101: Deduped  dataframe shape: (200, 6)
2025-11-06 20:36:INFO    AT prepare_customers.py:116: FUNCTION START: handle_missing_values with dataframe shape=(200, 6)
2025-11-06 20:36:INFO    AT prepare_customers.py:120: Total missing values before handling: 1
2025-11-06 20:36:INFO    AT prepare_customers.py:130: Total missing values after handling: 1
2025-11-06 20:36:INFO    AT prepare_customers.py:131: 200 records remaining after handling missing values.
2025-11-06 20:36:INFO    AT prepare_customers.py:137: FUNCTION START: remove_outliers with dataframe shape=(200, 6)
2025-11-06 20:36:INFO    AT prepare_customers.py:143: Filtered CreditScore to range [600, 850]
2025-11-06 20:36:INFO    AT prepare_customers.py:149: Filtered to valid regions: ['North', 'South', 'East', 'West', 'Central']
2025-11-06 20:36:INFO    AT prepare_customers.py:152: Removed 66 outlier rows
2025-11-06 20:36:INFO    AT prepare_customers.py:153: 134 records remaining after removing outliers.
2025-11-06 20:36:INFO    AT prepare_customers.py:76: FUNCTION START: save_prepared_data with file_name=customers_prepared.csv, dataframe shape=(134, 6)
2025-11-06 20:36:INFO    AT prepare_customers.py:81: Data saved to C:\GitHub_Repo\pro-analytics-02\data\prepared\customers_prepared.csv
2025-11-06 20:36:INFO    AT prepare_customers.py:209: ==================================
2025-11-06 20:36:INFO    AT prepare_customers.py:210: Original shape: (134, 6)
2025-11-06 20:36:INFO    AT prepare_customers.py:211: Cleaned shape:  (201, 6)
2025-11-06 20:36:INFO    AT prepare_customers.py:212: ==================================
2025-11-06 20:36:INFO    AT prepare_customers.py:213: FINISHED prepare_customers_data.py
2025-11-06 20:36:INFO    AT prepare_customers.py:214: ==================================
